2026-08-29 09:00:01 INFO Application started successfully
2026-08-29 09:01:15 INFO Server listening on port 8080
2026-08-29 09:02:22 INFO User login successful user_id=1001
2026-08-29 09:03:10 WARN High memory usage detected: 75%
2026-08-29 09:04:33 INFO Request processed successfully
2026-08-29 09:05:41 ERROR Database connection failed
2026-08-29 09:06:02 INFO Retrying database connection
2026-08-29 09:06:15 INFO Database connection established
2026-08-29 09:07:25 INFO User login successful user_id=1002
2026-08-29 09:08:47 WARN CPU usage above threshold: 82%
2026-08-29 09:09:13 ERROR API request failed status=500
2026-08-29 09:10:05 INFO Request processed successfully
2026-08-29 09:11:29 INFO User logout successful user_id=1001
2026-08-29 09:12:44 ERROR Database query timeout
2026-08-29 09:13:18 WARN Disk usage above 80%
2026-08-29 09:14:01 INFO Database connection restored
2026-08-29 09:15:36 INFO Application health check passed
2026-08-29 09:16:50 ERROR Authentication service unavailable
2026-08-29 09:17:12 INFO Authentication service recovered
2026-08-29 09:18:27 INFO User login successful user_id=1003
